// Jest Snapshot v1, https://goo.gl/fbAQLP

exports[`buildRocCurve it matches the snapshot 1`] = `
<h1>
  3
  4
  4
  5
</h1>
`;
