// Jest Snapshot v1, https://goo.gl/fbAQLP

exports[`DataTable it matches the snapshot 1`] = `
<div
  className="MuiPaper-root MuiPaper-elevation1 makeStyles-root-1 MuiPaper-rounded"
>
  <table
    aria-label="data table"
    className="MuiTable-root makeStyles-table-2"
  >
    <thead
      className="MuiTableHead-root"
    >
      <tr
        className="MuiTableRow-root MuiTableRow-head"
      >
        <th
          aria-sort={null}
          className="MuiTableCell-root MuiTableCell-head"
          scope="col"
        >
          Data info
        </th>
        <th
          aria-sort={null}
          className="MuiTableCell-root MuiTableCell-head MuiTableCell-alignRight"
          scope="col"
        >
          Value
        </th>
      </tr>
    </thead>
    <tbody
      className="MuiTableBody-root"
    >
      <tr
        className="MuiTableRow-root"
      >
        <th
          aria-sort={null}
          className="MuiTableCell-root MuiTableCell-body"
          scope="row"
        >
          data
        </th>
        <td
          aria-sort={null}
          className="MuiTableCell-root MuiTableCell-body MuiTableCell-alignRight"
        >
          <p
            className="MuiTypography-root MuiTypography-body1 MuiTypography-gutterBottom"
          >
            value
          </p>
        </td>
      </tr>
    </tbody>
  </table>
</div>
`;
